[
  {
    "key": "u",
    "desc": "up -d",
    "ps": true,
    "wd": "./",
    "items": [
      {
        "key": "a",
        "desc": "all",
        "cmd": "docker-compose -f docker-compose.test.yml up -d && docker-compose -f docker-compose.test.yml ps",
        "wd": "./"
      },
      {
        "key": 0,
        "desc": "ubuntu",
        "cmd": "docker-compose -f docker-compose.test.yml up -d ubuntu && docker-compose -f docker-compose.test.yml ps ubuntu",
        "wd": "./"
      },
      {
        "key": 1,
        "desc": "nginx",
        "cmd": "docker-compose -f docker-compose.test.yml up -d nginx && docker-compose -f docker-compose.test.yml ps nginx",
        "wd": "./"
      }
    ]
  },
  {
    "key": "U",
    "desc": "up",
    "wd": "./",
    "items": [
      {
        "key": "a",
        "desc": "all",
        "cmd": "docker-compose -f docker-compose.test.yml up",
        "wd": "./"
      },
      {
        "key": 0,
        "desc": "ubuntu",
        "cmd": "docker-compose -f docker-compose.test.yml up ubuntu",
        "wd": "./"
      },
      {
        "key": 1,
        "desc": "nginx",
        "cmd": "docker-compose -f docker-compose.test.yml up nginx",
        "wd": "./"
      }
    ]
  },
  {
    "key": "r",
    "desc": "restart",
    "ps": true,
    "wd": "./",
    "items": [
      {
        "key": "a",
        "desc": "all",
        "cmd": "docker-compose -f docker-compose.test.yml restart && docker-compose -f docker-compose.test.yml ps",
        "wd": "./"
      },
      {
        "key": 0,
        "desc": "ubuntu",
        "cmd": "docker-compose -f docker-compose.test.yml restart ubuntu && docker-compose -f docker-compose.test.yml ps ubuntu",
        "wd": "./"
      },
      {
        "key": 1,
        "desc": "nginx",
        "cmd": "docker-compose -f docker-compose.test.yml restart nginx && docker-compose -f docker-compose.test.yml ps nginx",
        "wd": "./"
      }
    ]
  },
  {
    "key": "s",
    "desc": "stop",
    "ps": true,
    "wd": "./",
    "items": [
      {
        "key": "a",
        "desc": "all",
        "cmd": "docker-compose -f docker-compose.test.yml stop && docker-compose -f docker-compose.test.yml ps",
        "wd": "./"
      },
      {
        "key": 0,
        "desc": "ubuntu",
        "cmd": "docker-compose -f docker-compose.test.yml stop ubuntu && docker-compose -f docker-compose.test.yml ps ubuntu",
        "wd": "./"
      },
      {
        "key": 1,
        "desc": "nginx",
        "cmd": "docker-compose -f docker-compose.test.yml stop nginx && docker-compose -f docker-compose.test.yml ps nginx",
        "wd": "./"
      }
    ]
  },
  {
    "key": "k",
    "desc": "kill",
    "ps": true,
    "wd": "./",
    "items": [
      {
        "key": "a",
        "desc": "all",
        "cmd": "docker-compose -f docker-compose.test.yml kill && docker-compose -f docker-compose.test.yml ps",
        "wd": "./"
      },
      {
        "key": 0,
        "desc": "ubuntu",
        "cmd": "docker-compose -f docker-compose.test.yml kill ubuntu && docker-compose -f docker-compose.test.yml ps ubuntu",
        "wd": "./"
      },
      {
        "key": 1,
        "desc": "nginx",
        "cmd": "docker-compose -f docker-compose.test.yml kill nginx && docker-compose -f docker-compose.test.yml ps nginx",
        "wd": "./"
      }
    ]
  },
  {
    "key": "l",
    "desc": "logs -f",
    "wd": "./",
    "items": [
      {
        "key": "a",
        "desc": "all",
        "cmd": "docker-compose -f docker-compose.test.yml logs -f",
        "wd": "./"
      },
      {
        "key": 0,
        "desc": "ubuntu",
        "cmd": "docker-compose -f docker-compose.test.yml logs -f ubuntu",
        "wd": "./"
      },
      {
        "key": 1,
        "desc": "nginx",
        "cmd": "docker-compose -f docker-compose.test.yml logs -f nginx",
        "wd": "./"
      }
    ]
  },
  {
    "key": "p",
    "desc": "ps",
    "wd": "./",
    "items": [
      {
        "key": "a",
        "desc": "all",
        "cmd": "docker-compose -f docker-compose.test.yml ps",
        "wd": "./"
      },
      {
        "key": 0,
        "desc": "ubuntu",
        "cmd": "docker-compose -f docker-compose.test.yml ps ubuntu",
        "wd": "./"
      },
      {
        "key": 1,
        "desc": "nginx",
        "cmd": "docker-compose -f docker-compose.test.yml ps nginx",
        "wd": "./"
      }
    ]
  },
  {
    "key": "e",
    "desc": "exec",
    "args": "sh",
    "wd": "./",
    "items": [
      {
        "key": "a",
        "desc": "all",
        "cmd": "docker-compose -f docker-compose.test.yml exec sh",
        "wd": "./"
      },
      {
        "key": 0,
        "desc": "ubuntu",
        "cmd": "docker-compose -f docker-compose.test.yml exec ubuntu sh",
        "wd": "./"
      },
      {
        "key": 1,
        "desc": "nginx",
        "cmd": "docker-compose -f docker-compose.test.yml exec nginx sh",
        "wd": "./"
      }
    ]
  },
  {
    "key": "b",
    "desc": "build",
    "wd": "./",
    "items": [
      {
        "key": "a",
        "desc": "all",
        "cmd": "docker-compose -f docker-compose.test.yml build",
        "wd": "./"
      },
      {
        "key": 0,
        "desc": "ubuntu",
        "cmd": "docker-compose -f docker-compose.test.yml build ubuntu",
        "wd": "./"
      },
      {
        "key": 1,
        "desc": "nginx",
        "cmd": "docker-compose -f docker-compose.test.yml build nginx",
        "wd": "./"
      }
    ]
  },
  {
    "key": "B",
    "desc": "build --no-cache",
    "wd": "./",
    "items": [
      {
        "key": "a",
        "desc": "all",
        "cmd": "docker-compose -f docker-compose.test.yml build --no-cache",
        "wd": "./"
      },
      {
        "key": 0,
        "desc": "ubuntu",
        "cmd": "docker-compose -f docker-compose.test.yml build --no-cache ubuntu",
        "wd": "./"
      },
      {
        "key": 1,
        "desc": "nginx",
        "cmd": "docker-compose -f docker-compose.test.yml build --no-cache nginx",
        "wd": "./"
      }
    ]
  },
  {
    "key": "P",
    "desc": "push",
    "wd": "./",
    "items": [
      {
        "key": "a",
        "desc": "all",
        "cmd": "docker-compose -f docker-compose.test.yml push",
        "wd": "./"
      },
      {
        "key": 0,
        "desc": "ubuntu",
        "cmd": "docker-compose -f docker-compose.test.yml push ubuntu",
        "wd": "./"
      },
      {
        "key": 1,
        "desc": "nginx",
        "cmd": "docker-compose -f docker-compose.test.yml push nginx",
        "wd": "./"
      }
    ]
  },
  {
    "key": "d",
    "desc": "rm",
    "ps": true,
    "wd": "./",
    "items": [
      {
        "key": "a",
        "desc": "all",
        "cmd": "docker-compose -f docker-compose.test.yml rm && docker-compose -f docker-compose.test.yml ps",
        "wd": "./"
      },
      {
        "key": 0,
        "desc": "ubuntu",
        "cmd": "docker-compose -f docker-compose.test.yml rm ubuntu && docker-compose -f docker-compose.test.yml ps ubuntu",
        "wd": "./"
      },
      {
        "key": 1,
        "desc": "nginx",
        "cmd": "docker-compose -f docker-compose.test.yml rm nginx && docker-compose -f docker-compose.test.yml ps nginx",
        "wd": "./"
      }
    ]
  },
  {
    "key": "c",
    "desc": "display config",
    "cmd": "docker-compose -f docker-compose.test.yml config",
    "wd": "./"
  }
]