[
  {
    "key": "a",
    "desc": "all",
    "wd": "./",
    "items": [
      {
        "key": "u",
        "desc": "up -d",
        "cmd": "docker-compose -f docker-compose.test.yml up -d && docker-compose -f docker-compose.test.yml ps",
        "wd": "./"
      },
      {
        "key": "r",
        "desc": "restart",
        "cmd": "docker-compose -f docker-compose.test.yml restart && docker-compose -f docker-compose.test.yml ps",
        "wd": "./"
      },
      {
        "key": "s",
        "desc": "stop",
        "cmd": "docker-compose -f docker-compose.test.yml stop && docker-compose -f docker-compose.test.yml ps",
        "wd": "./"
      },
      {
        "key": "k",
        "desc": "kill",
        "cmd": "docker-compose -f docker-compose.test.yml kill && docker-compose -f docker-compose.test.yml ps",
        "wd": "./"
      },
      {
        "key": "l",
        "desc": "logs -f",
        "cmd": "docker-compose -f docker-compose.test.yml logs -f",
        "wd": "./"
      },
      {
        "key": "p",
        "desc": "ps",
        "cmd": "docker-compose -f docker-compose.test.yml ps",
        "wd": "./"
      },
      {
        "key": "e",
        "desc": "exec",
        "cmd": "docker-compose -f docker-compose.test.yml exec sh",
        "wd": "./"
      },
      {
        "key": "b",
        "desc": "build",
        "cmd": "docker-compose -f docker-compose.test.yml build",
        "wd": "./"
      },
      {
        "key": "B",
        "desc": "build --no-cache",
        "cmd": "docker-compose -f docker-compose.test.yml build --no-cache",
        "wd": "./"
      },
      {
        "key": "P",
        "desc": "push",
        "cmd": "docker-compose -f docker-compose.test.yml push",
        "wd": "./"
      },
      {
        "key": "d",
        "desc": "rm",
        "cmd": "docker-compose -f docker-compose.test.yml rm && docker-compose -f docker-compose.test.yml ps",
        "wd": "./"
      }
    ]
  },
  {
    "key": 0,
    "desc": "ubuntu",
    "wd": "./",
    "items": [
      {
        "key": "u",
        "desc": "up -d",
        "cmd": "docker-compose -f docker-compose.test.yml up -d ubuntu && docker-compose -f docker-compose.test.yml ps ubuntu",
        "wd": "./"
      },
      {
        "key": "r",
        "desc": "restart",
        "cmd": "docker-compose -f docker-compose.test.yml restart ubuntu && docker-compose -f docker-compose.test.yml ps ubuntu",
        "wd": "./"
      },
      {
        "key": "s",
        "desc": "stop",
        "cmd": "docker-compose -f docker-compose.test.yml stop ubuntu && docker-compose -f docker-compose.test.yml ps ubuntu",
        "wd": "./"
      },
      {
        "key": "k",
        "desc": "kill",
        "cmd": "docker-compose -f docker-compose.test.yml kill ubuntu && docker-compose -f docker-compose.test.yml ps ubuntu",
        "wd": "./"
      },
      {
        "key": "l",
        "desc": "logs -f",
        "cmd": "docker-compose -f docker-compose.test.yml logs -f ubuntu",
        "wd": "./"
      },
      {
        "key": "p",
        "desc": "ps",
        "cmd": "docker-compose -f docker-compose.test.yml ps ubuntu",
        "wd": "./"
      },
      {
        "key": "e",
        "desc": "exec",
        "cmd": "docker-compose -f docker-compose.test.yml exec ubuntu sh",
        "wd": "./"
      },
      {
        "key": "b",
        "desc": "build",
        "cmd": "docker-compose -f docker-compose.test.yml build ubuntu",
        "wd": "./"
      },
      {
        "key": "B",
        "desc": "build --no-cache",
        "cmd": "docker-compose -f docker-compose.test.yml build --no-cache ubuntu",
        "wd": "./"
      },
      {
        "key": "P",
        "desc": "push",
        "cmd": "docker-compose -f docker-compose.test.yml push ubuntu",
        "wd": "./"
      },
      {
        "key": "d",
        "desc": "rm",
        "cmd": "docker-compose -f docker-compose.test.yml rm ubuntu && docker-compose -f docker-compose.test.yml ps ubuntu",
        "wd": "./"
      }
    ]
  },
  {
    "key": 1,
    "desc": "nginx",
    "wd": "./",
    "items": [
      {
        "key": "u",
        "desc": "up -d",
        "cmd": "docker-compose -f docker-compose.test.yml up -d nginx && docker-compose -f docker-compose.test.yml ps nginx",
        "wd": "./"
      },
      {
        "key": "r",
        "desc": "restart",
        "cmd": "docker-compose -f docker-compose.test.yml restart nginx && docker-compose -f docker-compose.test.yml ps nginx",
        "wd": "./"
      },
      {
        "key": "s",
        "desc": "stop",
        "cmd": "docker-compose -f docker-compose.test.yml stop nginx && docker-compose -f docker-compose.test.yml ps nginx",
        "wd": "./"
      },
      {
        "key": "k",
        "desc": "kill",
        "cmd": "docker-compose -f docker-compose.test.yml kill nginx && docker-compose -f docker-compose.test.yml ps nginx",
        "wd": "./"
      },
      {
        "key": "l",
        "desc": "logs -f",
        "cmd": "docker-compose -f docker-compose.test.yml logs -f nginx",
        "wd": "./"
      },
      {
        "key": "p",
        "desc": "ps",
        "cmd": "docker-compose -f docker-compose.test.yml ps nginx",
        "wd": "./"
      },
      {
        "key": "e",
        "desc": "exec",
        "cmd": "docker-compose -f docker-compose.test.yml exec nginx sh",
        "wd": "./"
      },
      {
        "key": "b",
        "desc": "build",
        "cmd": "docker-compose -f docker-compose.test.yml build nginx",
        "wd": "./"
      },
      {
        "key": "B",
        "desc": "build --no-cache",
        "cmd": "docker-compose -f docker-compose.test.yml build --no-cache nginx",
        "wd": "./"
      },
      {
        "key": "P",
        "desc": "push",
        "cmd": "docker-compose -f docker-compose.test.yml push nginx",
        "wd": "./"
      },
      {
        "key": "d",
        "desc": "rm",
        "cmd": "docker-compose -f docker-compose.test.yml rm nginx && docker-compose -f docker-compose.test.yml ps nginx",
        "wd": "./"
      }
    ]
  },
  {
    "key": "c",
    "desc": "display config",
    "cmd": "docker-compose -f docker-compose.test.yml config",
    "wd": "./"
  }
]